// Jest Snapshot v1, https://goo.gl/fbAQLP

exports[`renders Container correctly 1`] = `
<View
  style={
    Array [
      Object {
        "backgroundColor": "#FFF",
      },
      Array [
        Object {
          "alignItems": "center",
          "flex": 1,
          "justifyContent": "center",
          "width": "100%",
        },
        undefined,
      ],
    ]
  }
>
  <View />
</View>
`;
